// Jest Snapshot v1, https://goo.gl/fbAQLP

exports[`should render loading spinner 1`] = `
<div
  className="ui active dimmer"
>
  <div
    className="ui big text loader"
  >
     
    Loading....
  </div>
</div>
`;
